<?xml version="1.0" encoding="UTF-8"?>
<OmniDataTransform xmlns="http://soap.sforce.com/2006/04/metadata">
    <active>false</active>
    <assignmentRulesUsed>false</assignmentRulesUsed>
    <deletedOnSuccess>false</deletedOnSuccess>
    <errorIgnored>false</errorIgnored>
    <fieldLevelSecurityEnabled>false</fieldLevelSecurityEnabled>
    <inputType>JSON</inputType>
    <isManagedUsingStdDesigner>false</isManagedUsingStdDesigner>
    <name>DigitalLendingDFExtractAFPProposalSelectedBy</name>
    <nullInputsIncludedInOutput>false</nullInputsIncludedInOutput>
    <omniDataTransformItem>
        <disabled>false</disabled>
        <filterGroup>1.0</filterGroup>
        <filterOperator>=</filterOperator>
        <filterValue>&apos;True&apos;</filterValue>
        <globalKey>97308a59-19bd-47a9-ae11-ed6707398a89</globalKey>
        <inputFieldName>IsActive</inputFieldName>
        <inputObjectName>ApplicationFormProductProposal</inputObjectName>
        <inputObjectQuerySequence>1.0</inputObjectQuerySequence>
        <linkedObjectSequence>0.0</linkedObjectSequence>
        <name>DigitalLendingDFExtractAFPProposalSelectedBy</name>
        <outputCreationSequence>0.0</outputCreationSequence>
        <outputFieldName>ApplicationFormProductProposalSelectedBy</outputFieldName>
        <outputObjectName>json</outputObjectName>
        <requiredForUpsert>false</requiredForUpsert>
        <upsertKey>false</upsertKey>
    </omniDataTransformItem>
    <omniDataTransformItem>
        <disabled>false</disabled>
        <filterGroup>0.0</filterGroup>
        <globalKey>157fe4b1-3fa7-4034-83ad-5567e606ce6a</globalKey>
        <inputFieldName>ApplicationFormProductProposalSelectedBy:SelectedBy</inputFieldName>
        <inputObjectQuerySequence>0.0</inputObjectQuerySequence>
        <linkedObjectSequence>0.0</linkedObjectSequence>
        <name>DigitalLendingDFExtractAFPProposalSelectedBy</name>
        <outputCreationSequence>1.0</outputCreationSequence>
        <outputFieldName>ApplicationFormProductProposalSelectedBy:selectedBy</outputFieldName>
        <outputObjectName>json</outputObjectName>
        <requiredForUpsert>false</requiredForUpsert>
        <upsertKey>false</upsertKey>
    </omniDataTransformItem>
    <omniDataTransformItem>
        <disabled>false</disabled>
        <filterGroup>0.0</filterGroup>
        <globalKey>261f5c0c-f84f-4074-a803-43b59efb9db1</globalKey>
        <inputFieldName>ApplicationFormProductProposalSelectedBy:Term</inputFieldName>
        <inputObjectQuerySequence>0.0</inputObjectQuerySequence>
        <linkedObjectSequence>0.0</linkedObjectSequence>
        <name>DigitalLendingDFExtractAFPProposalSelectedBy</name>
        <outputCreationSequence>1.0</outputCreationSequence>
        <outputFieldFormat>Number</outputFieldFormat>
        <outputFieldName>ApplicationFormProductProposalSelectedBy:term</outputFieldName>
        <outputObjectName>json</outputObjectName>
        <requiredForUpsert>false</requiredForUpsert>
        <upsertKey>false</upsertKey>
    </omniDataTransformItem>
    <omniDataTransformItem>
        <disabled>false</disabled>
        <filterGroup>0.0</filterGroup>
        <filterOperator>=</filterOperator>
        <filterValue>ApplicationFormProductId</filterValue>
        <globalKey>a13a97ba-1fcf-4374-9d1a-38a6e6c861b7</globalKey>
        <inputFieldName>ApplicationFormProductId</inputFieldName>
        <inputObjectName>ApplicationFormProductProposal</inputObjectName>
        <inputObjectQuerySequence>1.0</inputObjectQuerySequence>
        <linkedObjectSequence>0.0</linkedObjectSequence>
        <name>DigitalLendingDFExtractAFPProposalSelectedBy</name>
        <outputCreationSequence>0.0</outputCreationSequence>
        <outputFieldName>ApplicationFormProductProposalSelectedBy</outputFieldName>
        <outputObjectName>json</outputObjectName>
        <requiredForUpsert>false</requiredForUpsert>
        <upsertKey>false</upsertKey>
    </omniDataTransformItem>
    <omniDataTransformItem>
        <disabled>false</disabled>
        <filterGroup>1.0</filterGroup>
        <filterOperator>=</filterOperator>
        <filterValue>ApplicationFormProductId</filterValue>
        <globalKey>3f5afa7e-f486-4272-80ee-271aa259eeca</globalKey>
        <inputFieldName>ApplicationFormProductId</inputFieldName>
        <inputObjectName>ApplicationFormProductProposal</inputObjectName>
        <inputObjectQuerySequence>1.0</inputObjectQuerySequence>
        <linkedObjectSequence>0.0</linkedObjectSequence>
        <name>DigitalLendingDFExtractAFPProposalSelectedBy</name>
        <outputCreationSequence>0.0</outputCreationSequence>
        <outputFieldName>ApplicationFormProductProposalSelectedBy</outputFieldName>
        <outputObjectName>json</outputObjectName>
        <requiredForUpsert>false</requiredForUpsert>
        <upsertKey>false</upsertKey>
    </omniDataTransformItem>
    <omniDataTransformItem>
        <disabled>false</disabled>
        <filterGroup>0.0</filterGroup>
        <filterOperator>LIMIT</filterOperator>
        <filterValue>1</filterValue>
        <globalKey>a9613a46-0dec-4b63-81bb-03c627a4000b</globalKey>
        <inputObjectName>ApplicationFormProductProposal</inputObjectName>
        <inputObjectQuerySequence>1.0</inputObjectQuerySequence>
        <linkedObjectSequence>0.0</linkedObjectSequence>
        <name>DigitalLendingDFExtractAFPProposalSelectedBy</name>
        <outputCreationSequence>0.0</outputCreationSequence>
        <outputFieldName>ApplicationFormProductProposalSelectedBy</outputFieldName>
        <outputObjectName>json</outputObjectName>
        <requiredForUpsert>false</requiredForUpsert>
        <upsertKey>false</upsertKey>
    </omniDataTransformItem>
    <omniDataTransformItem>
        <disabled>false</disabled>
        <filterGroup>0.0</filterGroup>
        <globalKey>499b3491-354b-4abb-9720-c11d6cd33d3b</globalKey>
        <inputFieldName>ApplicationFormProductProposalSelectedBy:TotalInterest</inputFieldName>
        <inputObjectQuerySequence>0.0</inputObjectQuerySequence>
        <linkedObjectSequence>0.0</linkedObjectSequence>
        <name>DigitalLendingDFExtractAFPProposalSelectedBy</name>
        <outputCreationSequence>1.0</outputCreationSequence>
        <outputFieldFormat>Currency</outputFieldFormat>
        <outputFieldName>ApplicationFormProductProposalSelectedBy:totalInterest</outputFieldName>
        <outputObjectName>json</outputObjectName>
        <requiredForUpsert>false</requiredForUpsert>
        <upsertKey>false</upsertKey>
    </omniDataTransformItem>
    <omniDataTransformItem>
        <disabled>false</disabled>
        <filterGroup>0.0</filterGroup>
        <globalKey>a7965293-128c-4e6d-8392-0ea825896aac</globalKey>
        <inputFieldName>ApplicationFormProductProposalSelectedBy:InterestRate</inputFieldName>
        <inputObjectQuerySequence>0.0</inputObjectQuerySequence>
        <linkedObjectSequence>0.0</linkedObjectSequence>
        <name>DigitalLendingDFExtractAFPProposalSelectedBy</name>
        <outputCreationSequence>1.0</outputCreationSequence>
        <outputFieldName>ApplicationFormProductProposalSelectedBy:interestRate</outputFieldName>
        <outputObjectName>json</outputObjectName>
        <requiredForUpsert>false</requiredForUpsert>
        <upsertKey>false</upsertKey>
    </omniDataTransformItem>
    <omniDataTransformItem>
        <disabled>false</disabled>
        <filterGroup>0.0</filterGroup>
        <globalKey>4de44a3a-108c-42d7-a769-0de1e4a8435c</globalKey>
        <inputFieldName>ApplicationFormProductProposalSelectedBy:Amount</inputFieldName>
        <inputObjectQuerySequence>0.0</inputObjectQuerySequence>
        <linkedObjectSequence>0.0</linkedObjectSequence>
        <name>DigitalLendingDFExtractAFPProposalSelectedBy</name>
        <outputCreationSequence>1.0</outputCreationSequence>
        <outputFieldFormat>Currency</outputFieldFormat>
        <outputFieldName>ApplicationFormProductProposalSelectedBy:amount</outputFieldName>
        <outputObjectName>json</outputObjectName>
        <requiredForUpsert>false</requiredForUpsert>
        <upsertKey>false</upsertKey>
    </omniDataTransformItem>
    <omniDataTransformItem>
        <disabled>false</disabled>
        <filterGroup>0.0</filterGroup>
        <globalKey>275a62cd-087d-4d27-89e5-09fc11c87841</globalKey>
        <inputFieldName>ApplicationFormProductProposalSelectedBy:MonthlyPayment</inputFieldName>
        <inputObjectQuerySequence>0.0</inputObjectQuerySequence>
        <linkedObjectSequence>0.0</linkedObjectSequence>
        <name>DigitalLendingDFExtractAFPProposalSelectedBy</name>
        <outputCreationSequence>1.0</outputCreationSequence>
        <outputFieldFormat>Currency</outputFieldFormat>
        <outputFieldName>ApplicationFormProductProposalSelectedBy:monthlyPayment</outputFieldName>
        <outputObjectName>json</outputObjectName>
        <requiredForUpsert>false</requiredForUpsert>
        <upsertKey>false</upsertKey>
    </omniDataTransformItem>
    <omniDataTransformItem>
        <disabled>false</disabled>
        <filterGroup>0.0</filterGroup>
        <filterOperator>=</filterOperator>
        <filterValue>&apos;True&apos;</filterValue>
        <globalKey>f6761355-f3f5-4ffc-a6b9-ebb2c9cc7348</globalKey>
        <inputFieldName>IsActive</inputFieldName>
        <inputObjectName>ApplicationFormProductProposal</inputObjectName>
        <inputObjectQuerySequence>1.0</inputObjectQuerySequence>
        <linkedObjectSequence>0.0</linkedObjectSequence>
        <name>DigitalLendingDFExtractAFPProposalSelectedBy</name>
        <outputCreationSequence>0.0</outputCreationSequence>
        <outputFieldName>ApplicationFormProductProposalSelectedBy</outputFieldName>
        <outputObjectName>json</outputObjectName>
        <requiredForUpsert>false</requiredForUpsert>
        <upsertKey>false</upsertKey>
    </omniDataTransformItem>
    <omniDataTransformItem>
        <disabled>false</disabled>
        <filterGroup>0.0</filterGroup>
        <globalKey>541907f9-360b-4e31-a480-064360a3a204</globalKey>
        <inputFieldName>ApplicationFormProductProposalSelectedBy:IsActive</inputFieldName>
        <inputObjectQuerySequence>0.0</inputObjectQuerySequence>
        <linkedObjectSequence>0.0</linkedObjectSequence>
        <name>DigitalLendingDFExtractAFPProposalSelectedBy</name>
        <outputCreationSequence>1.0</outputCreationSequence>
        <outputFieldName>ApplicationFormProductProposalSelectedBy:isActive</outputFieldName>
        <outputObjectName>json</outputObjectName>
        <requiredForUpsert>false</requiredForUpsert>
        <upsertKey>false</upsertKey>
    </omniDataTransformItem>
    <omniDataTransformItem>
        <disabled>false</disabled>
        <filterGroup>1.0</filterGroup>
        <filterOperator>=</filterOperator>
        <filterValue>&apos;Applicant&apos;</filterValue>
        <globalKey>35c95591-9c9b-4bf8-9af9-97d481136bfc</globalKey>
        <inputFieldName>SelectedBy</inputFieldName>
        <inputObjectName>ApplicationFormProductProposal</inputObjectName>
        <inputObjectQuerySequence>1.0</inputObjectQuerySequence>
        <linkedObjectSequence>0.0</linkedObjectSequence>
        <name>DigitalLendingDFExtractAFPProposalSelectedBy</name>
        <outputCreationSequence>0.0</outputCreationSequence>
        <outputFieldName>ApplicationFormProductProposalSelectedBy</outputFieldName>
        <outputObjectName>json</outputObjectName>
        <requiredForUpsert>false</requiredForUpsert>
        <upsertKey>false</upsertKey>
    </omniDataTransformItem>
    <omniDataTransformItem>
        <disabled>false</disabled>
        <filterGroup>2.0</filterGroup>
        <filterOperator>=</filterOperator>
        <filterValue>&apos;True&apos;</filterValue>
        <globalKey>16fee3fd-5e79-456f-a741-77393d0ff706</globalKey>
        <inputFieldName>IsActive</inputFieldName>
        <inputObjectName>ApplicationFormProductProposal</inputObjectName>
        <inputObjectQuerySequence>1.0</inputObjectQuerySequence>
        <linkedObjectSequence>0.0</linkedObjectSequence>
        <name>DigitalLendingDFExtractAFPProposalSelectedBy</name>
        <outputCreationSequence>0.0</outputCreationSequence>
        <outputFieldName>ApplicationFormProductProposalSelectedBy</outputFieldName>
        <outputObjectName>json</outputObjectName>
        <requiredForUpsert>false</requiredForUpsert>
        <upsertKey>false</upsertKey>
    </omniDataTransformItem>
    <omniDataTransformItem>
        <disabled>false</disabled>
        <filterGroup>2.0</filterGroup>
        <filterOperator>=</filterOperator>
        <filterValue>ApplicationFormProductId</filterValue>
        <globalKey>a5be5b3d-b310-405f-94fe-16fd9cf8671a</globalKey>
        <inputFieldName>ApplicationFormProductId</inputFieldName>
        <inputObjectName>ApplicationFormProductProposal</inputObjectName>
        <inputObjectQuerySequence>1.0</inputObjectQuerySequence>
        <linkedObjectSequence>0.0</linkedObjectSequence>
        <name>DigitalLendingDFExtractAFPProposalSelectedBy</name>
        <outputCreationSequence>0.0</outputCreationSequence>
        <outputFieldName>ApplicationFormProductProposalSelectedBy</outputFieldName>
        <outputObjectName>json</outputObjectName>
        <requiredForUpsert>false</requiredForUpsert>
        <upsertKey>false</upsertKey>
    </omniDataTransformItem>
    <omniDataTransformItem>
        <disabled>false</disabled>
        <filterGroup>0.0</filterGroup>
        <filterOperator>=</filterOperator>
        <filterValue>&apos;Lender&apos;</filterValue>
        <globalKey>95640c3e-3c60-441a-9401-c2521cae6b4c</globalKey>
        <inputFieldName>SelectedBy</inputFieldName>
        <inputObjectName>ApplicationFormProductProposal</inputObjectName>
        <inputObjectQuerySequence>1.0</inputObjectQuerySequence>
        <linkedObjectSequence>0.0</linkedObjectSequence>
        <name>DigitalLendingDFExtractAFPProposalSelectedBy</name>
        <outputCreationSequence>0.0</outputCreationSequence>
        <outputFieldName>ApplicationFormProductProposalSelectedBy</outputFieldName>
        <outputObjectName>json</outputObjectName>
        <requiredForUpsert>false</requiredForUpsert>
        <upsertKey>false</upsertKey>
    </omniDataTransformItem>
    <omniDataTransformItem>
        <disabled>false</disabled>
        <filterGroup>2.0</filterGroup>
        <filterOperator>=</filterOperator>
        <filterValue>&apos;Applicant And Lender&apos;</filterValue>
        <globalKey>bff82c0e-1a94-49d6-8096-55bde3726410</globalKey>
        <inputFieldName>SelectedBy</inputFieldName>
        <inputObjectName>ApplicationFormProductProposal</inputObjectName>
        <inputObjectQuerySequence>1.0</inputObjectQuerySequence>
        <linkedObjectSequence>0.0</linkedObjectSequence>
        <name>DigitalLendingDFExtractAFPProposalSelectedBy</name>
        <outputCreationSequence>0.0</outputCreationSequence>
        <outputFieldName>ApplicationFormProductProposalSelectedBy</outputFieldName>
        <outputObjectName>json</outputObjectName>
        <requiredForUpsert>false</requiredForUpsert>
        <upsertKey>false</upsertKey>
    </omniDataTransformItem>
    <outputType>JSON</outputType>
    <previewJsonData>{
  &quot;ApplicationFormProductId&quot; : &quot;13ZSG0000000IeT2AU&quot;
}</previewJsonData>
    <processSuperBulk>false</processSuperBulk>
    <responseCacheTtlMinutes>0.0</responseCacheTtlMinutes>
    <rollbackOnError>false</rollbackOnError>
    <sourceObject>json</sourceObject>
    <sourceObjectDefault>false</sourceObjectDefault>
    <synchronousProcessThreshold>0.0</synchronousProcessThreshold>
    <type>Extract</type>
    <uniqueName>DigitalLendingDFExtractAFPProposalSelectedBy_1</uniqueName>
    <versionNumber>1.0</versionNumber>
    <xmlDeclarationRemoved>false</xmlDeclarationRemoved>
</OmniDataTransform>
